Using pre-set license
Built from '2022.3/staging' branch; Version is '2022.3.19f1 (244b723c30a6) revision 2378610'; Using compiler version '192829333'; Build Type 'Release'
OS: 'Windows 11  (10.0.26100) 64bit Core' Language: 'pl' Physical Memory: 15571 MB
BatchMode: 1, IsHumanControllingUs: 0, StartBugReporterOnCrash: 0, Is64bit: 1, IsPro: 1

COMMAND LINE ARGUMENTS:
D:\UnityHub\2022.3.19f1\Editor\Unity.exe
-adb2
-batchMode
-noUpm
-name
AssetImportWorker0
-projectPath
C:/Users/ok/Desktop/nerdy stuff/Unity projects/Smash
-logFile
Logs/AssetImportWorker0.log
-srvPort
50612
Successfully changed project path to: C:/Users/ok/Desktop/nerdy stuff/Unity projects/Smash
C:/Users/ok/Desktop/nerdy stuff/Unity projects/Smash
[UnityMemory] Configuration Parameters - Can be set up in boot.config
    "memorysetup-bucket-allocator-granularity=16"
    "memorysetup-bucket-allocator-bucket-count=8"
    "memorysetup-bucket-allocator-block-size=33554432"
    "memorysetup-bucket-allocator-block-count=8"
    "memorysetup-main-allocator-block-size=16777216"
    "memorysetup-thread-allocator-block-size=16777216"
    "memorysetup-gfx-main-allocator-block-size=16777216"
    "memorysetup-gfx-thread-allocator-block-size=16777216"
    "memorysetup-cache-allocator-block-size=4194304"
    "memorysetup-typetree-allocator-block-size=2097152"
    "memorysetup-profiler-bucket-allocator-granularity=16"
    "memorysetup-profiler-bucket-allocator-bucket-count=8"
    "memorysetup-profiler-bucket-allocator-block-size=33554432"
    "memorysetup-profiler-bucket-allocator-block-count=8"
    "memorysetup-profiler-allocator-block-size=16777216"
    "memorysetup-profiler-editor-allocator-block-size=1048576"
    "memorysetup-temp-allocator-size-main=16777216"
    "memorysetup-job-temp-allocator-block-size=2097152"
    "memorysetup-job-temp-allocator-block-size-background=1048576"
    "memorysetup-job-temp-allocator-reduction-small-platforms=262144"
    "memorysetup-allocator-temp-initial-block-size-main=262144"
    "memorysetup-allocator-temp-initial-block-size-worker=262144"
    "memorysetup-temp-allocator-size-background-worker=32768"
    "memorysetup-temp-allocator-size-job-worker=262144"
    "memorysetup-temp-allocator-size-preload-manager=33554432"
    "memorysetup-temp-allocator-size-nav-mesh-worker=65536"
    "memorysetup-temp-allocator-size-audio-worker=65536"
    "memorysetup-temp-allocator-size-cloud-worker=32768"
    "memorysetup-temp-allocator-size-gi-baking-worker=262144"
    "memorysetup-temp-allocator-size-gfx=262144"
Player connection [29792] Host "[IP] 192.168.0.24 [Port] 0 [Flags] 2 [Guid] 1948091509 [EditorId] 1948091509 [Version] 1048832 [Id] WindowsEditor(7,DESKTOP-A65E8NG) [Debug] 1 [PackageName] WindowsEditor [ProjectName] Editor" joined multi-casting on [225.0.0.222:54997]...

Player connection [29792] Host "[IP] 192.168.0.24 [Port] 0 [Flags] 2 [Guid] 1948091509 [EditorId] 1948091509 [Version] 1048832 [Id] WindowsEditor(7,DESKTOP-A65E8NG) [Debug] 1 [PackageName] WindowsEditor [ProjectName] Editor" joined alternative multi-casting on [225.0.0.222:34997]...

[Physics::Module] Initialized MultithreadedJobDispatcher with 15 workers.
Refreshing native plugins compatible for Editor in 258.67 ms, found 4 plugins.
Preloading 0 native plugins for Editor in 0.00 ms.
Initialize engine version: 2022.3.19f1 (244b723c30a6)
[Subsystems] Discovering subsystems at path D:/UnityHub/2022.3.19f1/Editor/Data/Resources/UnitySubsystems
[Subsystems] Discovering subsystems at path C:/Users/ok/Desktop/nerdy stuff/Unity projects/Smash/Assets
GfxDevice: creating device client; threaded=0; jobified=0
Direct3D:
    Version:  Direct3D 11.0 [level 11.1]
    Renderer: NVIDIA GeForce RTX 4060 Laptop GPU (ID=0x28a0)
    Vendor:   NVIDIA
    VRAM:     7957 MB
    Driver:   32.0.15.7700
Initialize mono
Mono path[0] = 'D:/UnityHub/2022.3.19f1/Editor/Data/Managed'
Mono path[1] = 'D:/UnityHub/2022.3.19f1/Editor/Data/MonoBleedingEdge/lib/mono/unityjit-win32'
Mono config path = 'D:/UnityHub/2022.3.19f1/Editor/Data/MonoBleedingEdge/etc'
Using monoOptions --debugger-agent=transport=dt_socket,embedding=1,server=y,suspend=n,address=127.0.0.1:56092
Begin MonoManager ReloadAssembly
Registering precompiled unity dll's ...
Register platform support module: D:/UnityHub/2022.3.19f1/Editor/Data/PlaybackEngines/WindowsStandaloneSupport/UnityEditor.WindowsStandalone.Extensions.dll
Registered in 0.006656 seconds.
- Loaded All Assemblies, in  0.341 seconds
Native extension for WindowsStandalone target not found
Mono: successfully reloaded assembly
- Finished resetting the current domain, in  0.266 seconds
Domain Reload Profiling: 605ms
	BeginReloadAssembly (126ms)
		ExecutionOrderSort (0ms)
		DisableScriptedObjects (0ms)
		BackupInstance (0ms)
		ReleaseScriptingObjects (0ms)
		CreateAndSetChildDomain (1ms)
	RebuildCommonClasses (30ms)
	RebuildNativeTypeToScriptingClass (9ms)
	initialDomainReloadingComplete (52ms)
	LoadAllAssembliesAndSetupDomain (124ms)
		LoadAssemblies (123ms)
		RebuildTransferFunctionScriptingTraits (0ms)
		AnalyzeDomain (122ms)
			TypeCache.Refresh (121ms)
				TypeCache.ScanAssembly (109ms)
			ScanForSourceGeneratedMonoScriptInfo (0ms)
			ResolveRequiredComponents (0ms)
	FinalizeReload (266ms)
		ReleaseScriptCaches (0ms)
		RebuildScriptCaches (0ms)
		SetupLoadedEditorAssemblies (211ms)
			LogAssemblyErrors (0ms)
			InitializePlatformSupportModulesInManaged (7ms)
			SetLoadedEditorAssemblies (7ms)
			RefreshPlugins (0ms)
			BeforeProcessingInitializeOnLoad (2ms)
			ProcessInitializeOnLoadAttributes (137ms)
			ProcessInitializeOnLoadMethodAttributes (58ms)
			AfterProcessingInitializeOnLoad (0ms)
			EditorAssembliesLoaded (0ms)
		ExecutionOrderSort2 (0ms)
		AwakeInstancesAfterBackupRestoration (0ms)
========================================================================
Worker process is ready to serve import requests
Begin MonoManager ReloadAssembly
- Loaded All Assemblies, in  0.716 seconds
Refreshing native plugins compatible for Editor in 9.03 ms, found 4 plugins.
Native extension for WindowsStandalone target not found
Package Manager log level set to [2]
[Package Manager] Server::EnsureServerProcessIsRunning -- launch failed, reason: Unity was launched with the -noUpm command-line argument
[Package Manager] UpmClient::Send -- Unable to send message (not connected to UPM process).
[Package Manager] Cannot connect to Unity Package Manager local server
Mono: successfully reloaded assembly
- Finished resetting the current domain, in  0.674 seconds
Domain Reload Profiling: 1384ms
	BeginReloadAssembly (130ms)
		ExecutionOrderSort (0ms)
		DisableScriptedObjects (5ms)
		BackupInstance (0ms)
		ReleaseScriptingObjects (0ms)
		CreateAndSetChildDomain (23ms)
	RebuildCommonClasses (29ms)
	RebuildNativeTypeToScriptingClass (8ms)
	initialDomainReloadingComplete (42ms)
	LoadAllAssembliesAndSetupDomain (501ms)
		LoadAssemblies (395ms)
		RebuildTransferFunctionScriptingTraits (0ms)
		AnalyzeDomain (177ms)
			TypeCache.Refresh (149ms)
				TypeCache.ScanAssembly (133ms)
			ScanForSourceGeneratedMonoScriptInfo (19ms)
			ResolveRequiredComponents (6ms)
	FinalizeReload (675ms)
		ReleaseScriptCaches (0ms)
		RebuildScriptCaches (0ms)
		SetupLoadedEditorAssemblies (513ms)
			LogAssemblyErrors (0ms)
			InitializePlatformSupportModulesInManaged (5ms)
			SetLoadedEditorAssemblies (3ms)
			RefreshPlugins (0ms)
			BeforeProcessingInitializeOnLoad (76ms)
			ProcessInitializeOnLoadAttributes (390ms)
			ProcessInitializeOnLoadMethodAttributes (31ms)
			AfterProcessingInitializeOnLoad (7ms)
			EditorAssembliesLoaded (0ms)
		ExecutionOrderSort2 (0ms)
		AwakeInstancesAfterBackupRestoration (7ms)
Failed to load shader (instanceID 436, GUID dd89cf5b9246416f84610a006f916af7)
Failed to load shader (instanceID 448, GUID 7cbb3655339ec401ca75ba5fe26884f4)
Failed to load shader (instanceID 440, GUID 14eb328de4b8eb245bb7cea29e4ac00b)
Failed to load shader (instanceID 416, GUID 68e6db2ebdc24f95958faec2be5558d6)
Failed to load shader (instanceID 450, GUID bedd19944f451ba4d83e7ed69be98d5c)
Failed to load shader (instanceID 410, GUID 1ecad76f5afc08c4baa59e2c3946bd55)
Failed to load shader (instanceID 412, GUID bc1ede39bf3643ee8e493720e4259791)
Failed to load shader (instanceID 422, GUID 6550f6ce69d62b841b4c4f6818d8e73c)
Failed to load shader (instanceID 426, GUID 3230fdc399f8287488325e5941a00527)
Failed to load shader (instanceID 408, GUID fe393ace9b354375a9cb14cdbbc28be4)
Failed to load shader (instanceID 424, GUID cf81c85f95fe47e1a27f6ae460cf182c)
Failed to load shader (instanceID 430, GUID 9c442dc870b456e48b615cd8add0e9ef)
Failed to load shader (instanceID 438, GUID 48bb5f55d8670e349b6e614913f9d910)
Failed to load shader (instanceID 418, GUID 85187c2149c549c5b33f0cdb02836b17)
Failed to load shader (instanceID 446, GUID 128e987d567d4e2c824d754223b3f3b0)
Failed to load shader (instanceID 414, GUID f7ada0af4f174f0694ca6a487b8f543d)
Failed to load shader (instanceID 420, GUID a02a7d8c237544f1962732b55a9aebf1)
Failed to load shader (instanceID 442, GUID c8d12adcee749c344b8117cf7c7eb912)
Failed to load shader (instanceID 428, GUID 1e3b057af24249748ff873be7fafee47)
Failed to load shader (instanceID 434, GUID 603d454d711fe784cba9ce08dd22b881)
Failed to load shader (instanceID 432, GUID 0a8f4dcd626bcd14bbbfa5a5e116b16e)
Launched and connected shader compiler UnityShaderCompiler.exe after 0.06 seconds
Refreshing native plugins compatible for Editor in 11.88 ms, found 4 plugins.
Preloading 0 native plugins for Editor in 0.00 ms.
Unloading 4575 Unused Serialized files (Serialized files now loaded: 0)
Unloading 84 unused Assets / (136.5 KB). Loaded Objects now: 5036.
Memory consumption went from 160.1 MB to 160.0 MB.
Total: 4.401900 ms (FindLiveObjects: 0.320700 ms CreateObjectMapping: 0.136500 ms MarkObjects: 3.717700 ms  DeleteObjects: 0.226000 ms)

AssetImportParameters requested are different than current active one (requested -> active):
  custom:container-demuxer-ogg: 62fdf1f143b41e24485cea50d1cbac27 -> 
  custom:video-codec-MediaFoundation-h265: 746d11721c4dcdbdad8f713fa42b33f4 -> 
  custom:video-decoder-ogg-theora: a1e56fd34408186e4bbccfd4996cb3dc -> 
  custom:framework-win-MediaFoundation: 216162199b28c13a410421893ffa2e32 -> 
  custom:CustomObjectIndexerAttribute: 6d391050e5a25f67b0a2c618074f2cd9 -> 
  custom:container-demuxer-webm: 4f35f7cbe854078d1ac9338744f61a02 -> 
  custom:container-muxer-webm: aa71ff27fc2769a1b78a27578f13a17b -> 
  custom:video-decoder-webm-vp8: 9c59270c3fd7afecdb556c50c9e8de78 -> 
  custom:SearchIndexIgnoredProperties: e643bd26f0fe6173181afceb89e7c659 -> 
  custom:AudioImporter_EditorPlatform: d09bf68614088b80899f8185d706f6e7 -> 
  custom:video-encoder-webm-vp8: eb34c28f22e8b96e1ab97ce403110664 -> 
  custom:audio-decoder-ogg-vorbis: bf7c407c2cedff20999df2af8eb42d56 -> 
  custom:audio-encoder-webm-vorbis: bf7c407c2cedff20999df2af8eb42d56 -> 
========================================================================
Received Import Request.
  Time since last request: 1926.100379 seconds.
  path: Assets/Prefabs/MysteryBox/MBAnimations
  artifactKey: Guid(99cf5f5c3621f1840ab7057b2c6dd352) Importer(815301076,1909f56bfc062723c751e8b465ee728b)
Start importing Assets/Prefabs/MysteryBox/MBAnimations using Guid(99cf5f5c3621f1840ab7057b2c6dd352) Importer(815301076,1909f56bfc062723c751e8b465ee728b)  -> (artifact id: '4c76426feadee5440047d6a4283f16cf') in 0.003361 seconds
Number of updated asset objects reloaded before import = 0
Number of asset objects unloaded after import = 0
========================================================================
Received Import Request.
  Time since last request: 0.000036 seconds.
  path: Assets/Prefabs/MysteryBox/Mystery Box.prefab
  artifactKey: Guid(7f0536272b03e3f4caa740c63947fbf9) Importer(815301076,1909f56bfc062723c751e8b465ee728b)
Start importing Assets/Prefabs/MysteryBox/Mystery Box.prefab using Guid(7f0536272b03e3f4caa740c63947fbf9) Importer(815301076,1909f56bfc062723c751e8b465ee728b)  -> (artifact id: '873c93975e50292c7e9d0f14de7f3d4c') in 0.024457 seconds
Number of updated asset objects reloaded before import = 0
Number of asset objects unloaded after import = 12
========================================================================
Received Import Request.
  Time since last request: 0.494816 seconds.
  path: Assets/Prefabs/enemies/slime
  artifactKey: Guid(6ac945a5e07eed946b569ff306bb2f35) Importer(815301076,1909f56bfc062723c751e8b465ee728b)
Start importing Assets/Prefabs/enemies/slime using Guid(6ac945a5e07eed946b569ff306bb2f35) Importer(815301076,1909f56bfc062723c751e8b465ee728b)  -> (artifact id: '0d339ec7b06c903756b6cca4ce0f9b98') in 0.000619 seconds
Number of updated asset objects reloaded before import = 0
Number of asset objects unloaded after import = 0
========================================================================
Received Import Request.
  Time since last request: 0.056499 seconds.
  path: Assets/Prefabs/enemies/slime/Slime.prefab
  artifactKey: Guid(bdc0762205362de49bdc1e5ae3be4c5b) Importer(815301076,1909f56bfc062723c751e8b465ee728b)
Start importing Assets/Prefabs/enemies/slime/Slime.prefab using Guid(bdc0762205362de49bdc1e5ae3be4c5b) Importer(815301076,1909f56bfc062723c751e8b465ee728b)  -> (artifact id: '18f661240193d0ff060ad544e7e06259') in 0.000880 seconds
Number of updated asset objects reloaded before import = 0
Number of asset objects unloaded after import = 0
========================================================================
Received Import Request.
  Time since last request: 48.010953 seconds.
  path: Assets/Prefabs/enemies/slime/AC_Slime.controller
  artifactKey: Guid(823bfb9013331bd428d1538039d3c2e8) Importer(815301076,1909f56bfc062723c751e8b465ee728b)
Start importing Assets/Prefabs/enemies/slime/AC_Slime.controller using Guid(823bfb9013331bd428d1538039d3c2e8) Importer(815301076,1909f56bfc062723c751e8b465ee728b)  -> (artifact id: '5e7401ee0bf9f038518c66f28b583f56') in 0.008722 seconds
Number of updated asset objects reloaded before import = 0
Number of asset objects unloaded after import = 44
========================================================================
Received Import Request.
  Time since last request: 43.052375 seconds.
  path: Assets/Prefabs/enemies/slime/Animations
  artifactKey: Guid(836bcbb8239dac34d84f849a9e11172b) Importer(815301076,1909f56bfc062723c751e8b465ee728b)
Start importing Assets/Prefabs/enemies/slime/Animations using Guid(836bcbb8239dac34d84f849a9e11172b) Importer(815301076,1909f56bfc062723c751e8b465ee728b)  -> (artifact id: 'c8c67657fa2ea46662d126bcf8fca81b') in 0.000646 seconds
Number of updated asset objects reloaded before import = 0
Number of asset objects unloaded after import = 0
========================================================================
Received Import Request.
  Time since last request: 5.220314 seconds.
  path: Assets/Downloaded Sprites
  artifactKey: Guid(79e69c3c215e33a4d8e7f43828ae8de9) Importer(815301076,1909f56bfc062723c751e8b465ee728b)
Start importing Assets/Downloaded Sprites using Guid(79e69c3c215e33a4d8e7f43828ae8de9) Importer(815301076,1909f56bfc062723c751e8b465ee728b)  -> (artifact id: 'ac80166b9e7c3c88fe34e202c3d54aeb') in 0.000717 seconds
Number of updated asset objects reloaded before import = 0
Number of asset objects unloaded after import = 0
========================================================================
Received Import Request.
  Time since last request: 94.620102 seconds.
  path: Assets/Scripts/IDamager.cs
  artifactKey: Guid(1e199df4f2a62f441a43ecfe623ef338) Importer(815301076,1909f56bfc062723c751e8b465ee728b)
Start importing Assets/Scripts/IDamager.cs using Guid(1e199df4f2a62f441a43ecfe623ef338) Importer(815301076,1909f56bfc062723c751e8b465ee728b)  -> (artifact id: 'b02ddc9ca177a206861a0c6bcbacb81f') in 0.000840 seconds
Number of updated asset objects reloaded before import = 0
Number of asset objects unloaded after import = 0
========================================================================
Received Import Request.
  Time since last request: 0.010481 seconds.
  path: Assets/Scripts/MysteryBox.cs
  artifactKey: Guid(280f39b877ddf6241a5673c3294fdae1) Importer(815301076,1909f56bfc062723c751e8b465ee728b)
Start importing Assets/Scripts/MysteryBox.cs using Guid(280f39b877ddf6241a5673c3294fdae1) Importer(815301076,1909f56bfc062723c751e8b465ee728b)  -> (artifact id: 'ddf8d142872f64549835c8b69a499ca9') in 0.000666 seconds
Number of updated asset objects reloaded before import = 0
Number of asset objects unloaded after import = 0
========================================================================
Received Import Request.
  Time since last request: 0.000051 seconds.
  path: Assets/Scripts/RolledWeapons.cs
  artifactKey: Guid(e63a9648467f2a84cac1086b5c37ecb9) Importer(815301076,1909f56bfc062723c751e8b465ee728b)
Start importing Assets/Scripts/RolledWeapons.cs using Guid(e63a9648467f2a84cac1086b5c37ecb9) Importer(815301076,1909f56bfc062723c751e8b465ee728b)  -> (artifact id: '9e3df95b2c281ca9017f53116e97377a') in 0.000565 seconds
Number of updated asset objects reloaded before import = 0
Number of asset objects unloaded after import = 0
========================================================================
Received Prepare
Begin MonoManager ReloadAssembly
- Loaded All Assemblies, in  0.537 seconds
Refreshing native plugins compatible for Editor in 7.03 ms, found 4 plugins.
Native extension for WindowsStandalone target not found
[Package Manager] Server::EnsureServerProcessIsRunning -- launch failed, reason: Unity was launched with the -noUpm command-line argument
[Package Manager] UpmClient::Send -- Unable to send message (not connected to UPM process).
[Package Manager] Cannot connect to Unity Package Manager local server
Mono: successfully reloaded assembly
- Finished resetting the current domain, in  1.230 seconds
Domain Reload Profiling: 1762ms
	BeginReloadAssembly (165ms)
		ExecutionOrderSort (0ms)
		DisableScriptedObjects (9ms)
		BackupInstance (0ms)
		ReleaseScriptingObjects (0ms)
		CreateAndSetChildDomain (44ms)
	RebuildCommonClasses (34ms)
	RebuildNativeTypeToScriptingClass (11ms)
	initialDomainReloadingComplete (38ms)
	LoadAllAssembliesAndSetupDomain (284ms)
		LoadAssemblies (329ms)
		RebuildTransferFunctionScriptingTraits (0ms)
		AnalyzeDomain (35ms)
			TypeCache.Refresh (9ms)
				TypeCache.ScanAssembly (1ms)
			ScanForSourceGeneratedMonoScriptInfo (19ms)
			ResolveRequiredComponents (6ms)
	FinalizeReload (1231ms)
		ReleaseScriptCaches (0ms)
		RebuildScriptCaches (0ms)
		SetupLoadedEditorAssemblies (501ms)
			LogAssemblyErrors (0ms)
			InitializePlatformSupportModulesInManaged (5ms)
			SetLoadedEditorAssemblies (3ms)
			RefreshPlugins (0ms)
			BeforeProcessingInitializeOnLoad (76ms)
			ProcessInitializeOnLoadAttributes (371ms)
			ProcessInitializeOnLoadMethodAttributes (34ms)
			AfterProcessingInitializeOnLoad (11ms)
			EditorAssembliesLoaded (1ms)
		ExecutionOrderSort2 (0ms)
		AwakeInstancesAfterBackupRestoration (13ms)
Failed to load shader (instanceID 436, GUID dd89cf5b9246416f84610a006f916af7)
Failed to load shader (instanceID 448, GUID 7cbb3655339ec401ca75ba5fe26884f4)
Failed to load shader (instanceID 440, GUID 14eb328de4b8eb245bb7cea29e4ac00b)
Failed to load shader (instanceID 416, GUID 68e6db2ebdc24f95958faec2be5558d6)
Failed to load shader (instanceID 450, GUID bedd19944f451ba4d83e7ed69be98d5c)
Failed to load shader (instanceID 410, GUID 1ecad76f5afc08c4baa59e2c3946bd55)
Failed to load shader (instanceID 412, GUID bc1ede39bf3643ee8e493720e4259791)
Failed to load shader (instanceID 422, GUID 6550f6ce69d62b841b4c4f6818d8e73c)
Failed to load shader (instanceID 426, GUID 3230fdc399f8287488325e5941a00527)
Failed to load shader (instanceID 408, GUID fe393ace9b354375a9cb14cdbbc28be4)
Failed to load shader (instanceID 424, GUID cf81c85f95fe47e1a27f6ae460cf182c)
Failed to load shader (instanceID 430, GUID 9c442dc870b456e48b615cd8add0e9ef)
Failed to load shader (instanceID 438, GUID 48bb5f55d8670e349b6e614913f9d910)
Failed to load shader (instanceID 418, GUID 85187c2149c549c5b33f0cdb02836b17)
Failed to load shader (instanceID 446, GUID 128e987d567d4e2c824d754223b3f3b0)
Failed to load shader (instanceID 414, GUID f7ada0af4f174f0694ca6a487b8f543d)
Failed to load shader (instanceID 420, GUID a02a7d8c237544f1962732b55a9aebf1)
Failed to load shader (instanceID 442, GUID c8d12adcee749c344b8117cf7c7eb912)
Failed to load shader (instanceID 428, GUID 1e3b057af24249748ff873be7fafee47)
Failed to load shader (instanceID 434, GUID 603d454d711fe784cba9ce08dd22b881)
Failed to load shader (instanceID 432, GUID 0a8f4dcd626bcd14bbbfa5a5e116b16e)
Refreshing native plugins compatible for Editor in 12.95 ms, found 4 plugins.
Preloading 0 native plugins for Editor in 0.00 ms.
Unloading 4568 Unused Serialized files (Serialized files now loaded: 0)
Unloading 38 unused Assets / (108.1 KB). Loaded Objects now: 5055.
Memory consumption went from 159.4 MB to 159.2 MB.
Total: 4.413700 ms (FindLiveObjects: 0.334700 ms CreateObjectMapping: 0.147500 ms MarkObjects: 3.672700 ms  DeleteObjects: 0.257200 ms)

Prepare: number of updated asset objects reloaded= 0
AssetImportParameters requested are different than current active one (requested -> active):
  custom:container-demuxer-ogg: 62fdf1f143b41e24485cea50d1cbac27 -> 
  custom:video-codec-MediaFoundation-h265: 746d11721c4dcdbdad8f713fa42b33f4 -> 
  custom:video-decoder-ogg-theora: a1e56fd34408186e4bbccfd4996cb3dc -> 
  custom:framework-win-MediaFoundation: 216162199b28c13a410421893ffa2e32 -> 
  custom:CustomObjectIndexerAttribute: 6d391050e5a25f67b0a2c618074f2cd9 -> 
  custom:container-demuxer-webm: 4f35f7cbe854078d1ac9338744f61a02 -> 
  custom:container-muxer-webm: aa71ff27fc2769a1b78a27578f13a17b -> 
  custom:video-decoder-webm-vp8: 9c59270c3fd7afecdb556c50c9e8de78 -> 
  custom:SearchIndexIgnoredProperties: e643bd26f0fe6173181afceb89e7c659 -> 
  custom:AudioImporter_EditorPlatform: d09bf68614088b80899f8185d706f6e7 -> 
  custom:video-encoder-webm-vp8: eb34c28f22e8b96e1ab97ce403110664 -> 
  custom:audio-decoder-ogg-vorbis: bf7c407c2cedff20999df2af8eb42d56 -> 
  custom:audio-encoder-webm-vorbis: bf7c407c2cedff20999df2af8eb42d56 -> 
Editor requested this worker to shutdown with reason: Scaling down because of idle timeout
TcpMessagingSession - receive error: operation aborted. errorcode: 995, details: Operacja We/Wy zosta³a przerwana z powodu zakoñczenia w¹tku lub ¿¹dania aplikacji.
AssetImportWorker is now disconnected from the server
Process exiting
Exiting without the bug reporter. Application will terminate with return code 0